Component: ARM Compiler 5.06 update 6 (build 750) Tool: armlink [4d35ed]

==============================================================================

Small function inlining results

Inlined total of 0 calls.

==============================================================================

Image Symbol Table

    Local Symbols

    Symbol Name                              Value     Ov Type        Size  Object(Section)

    RESET                                    0x00000000   Section      192  startup_m031series.o(RESET)
    ../clib/microlib/division.c              0x00000000   Number         0  uldiv.o ABSOLUTE
    ../clib/microlib/division.c              0x00000000   Number         0  uidiv.o ABSOLUTE
    ../clib/microlib/division.c              0x00000000   Number         0  idiv.o ABSOLUTE
    ../clib/microlib/errno.c                 0x00000000   Number         0  errno.o ABSOLUTE
    ../clib/microlib/init/entry.s            0x00000000   Number         0  entry9a.o ABSOLUTE
    ../clib/microlib/init/entry.s            0x00000000   Number         0  entry8b.o ABSOLUTE
    ../clib/microlib/init/entry.s            0x00000000   Number         0  entry8a.o ABSOLUTE
    ../clib/microlib/init/entry.s            0x00000000   Number         0  entry7b.o ABSOLUTE
    ../clib/microlib/init/entry.s            0x00000000   Number         0  entry7a.o ABSOLUTE
    ../clib/microlib/init/entry.s            0x00000000   Number         0  entry5.o ABSOLUTE
    ../clib/microlib/init/entry.s            0x00000000   Number         0  entry2.o ABSOLUTE
    ../clib/microlib/init/entry.s            0x00000000   Number         0  entry10a.o ABSOLUTE
    ../clib/microlib/init/entry.s            0x00000000   Number         0  entry10b.o ABSOLUTE
    ../clib/microlib/init/entry.s            0x00000000   Number         0  entry11a.o ABSOLUTE
    ../clib/microlib/init/entry.s            0x00000000   Number         0  entry11b.o ABSOLUTE
    ../clib/microlib/init/entry.s            0x00000000   Number         0  entry9b.o ABSOLUTE
    ../clib/microlib/init/entry.s            0x00000000   Number         0  entry.o ABSOLUTE
    ../clib/microlib/longlong.c              0x00000000   Number         0  llushr.o ABSOLUTE
    ../clib/microlib/longlong.c              0x00000000   Number         0  llshl.o ABSOLUTE
    ../clib/microlib/longlong.c              0x00000000   Number         0  llsshr.o ABSOLUTE
    ../clib/microlib/printf/printf.c         0x00000000   Number         0  printf7.o ABSOLUTE
    ../clib/microlib/printf/printf.c         0x00000000   Number         0  printf6.o ABSOLUTE
    ../clib/microlib/printf/printf.c         0x00000000   Number         0  printf4.o ABSOLUTE
    ../clib/microlib/printf/printf.c         0x00000000   Number         0  printf5.o ABSOLUTE
    ../clib/microlib/printf/printf.c         0x00000000   Number         0  printfb.o ABSOLUTE
    ../clib/microlib/printf/printf.c         0x00000000   Number         0  printf0.o ABSOLUTE
    ../clib/microlib/printf/printf.c         0x00000000   Number         0  printf3.o ABSOLUTE
    ../clib/microlib/printf/printf.c         0x00000000   Number         0  printf1.o ABSOLUTE
    ../clib/microlib/printf/printf.c         0x00000000   Number         0  printfa.o ABSOLUTE
    ../clib/microlib/printf/printf.c         0x00000000   Number         0  printf2.o ABSOLUTE
    ../clib/microlib/printf/printf.c         0x00000000   Number         0  printf8.o ABSOLUTE
    ../clib/microlib/printf/stubs.s          0x00000000   Number         0  stubs.o ABSOLUTE
    ../clib/microlib/string/memcpy.c         0x00000000   Number         0  memcpyb.o ABSOLUTE
    ../clib/microlib/string/memcpy.c         0x00000000   Number         0  memcpya.o ABSOLUTE
    ../clib/microlib/stubs.s                 0x00000000   Number         0  iusefp.o ABSOLUTE
    ../fplib/microlib/d2f.c                  0x00000000   Number         0  d2f.o ABSOLUTE
    ../fplib/microlib/f2d.c                  0x00000000   Number         0  f2d.o ABSOLUTE
    ../fplib/microlib/fpadd.c                0x00000000   Number         0  fadd.o ABSOLUTE
    ../fplib/microlib/fpadd.c                0x00000000   Number         0  dadd.o ABSOLUTE
    ../fplib/microlib/fpdiv.c                0x00000000   Number         0  fdiv.o ABSOLUTE
    ../fplib/microlib/fpdiv.c                0x00000000   Number         0  ddiv.o ABSOLUTE
    ../fplib/microlib/fpepilogue.c           0x00000000   Number         0  depilogue.o ABSOLUTE
    ../fplib/microlib/fpepilogue.c           0x00000000   Number         0  fepilogue.o ABSOLUTE
    ../fplib/microlib/fpfix.c                0x00000000   Number         0  dfixul.o ABSOLUTE
    ../fplib/microlib/fpfix.c                0x00000000   Number         0  ffixi.o ABSOLUTE
    ../fplib/microlib/fpflt.c                0x00000000   Number         0  fflti.o ABSOLUTE
    ../fplib/microlib/fpmul.c                0x00000000   Number         0  fmul.o ABSOLUTE
    ../fplib/microlib/fpmul.c                0x00000000   Number         0  dmul.o ABSOLUTE
    ../fplib/microlib/fpscalb.c              0x00000000   Number         0  dscalb.o ABSOLUTE
    ../fplib/microlib/fpsqrt.c               0x00000000   Number         0  dsqrt.o ABSOLUTE
    ../mathlib/atan.c                        0x00000000   Number         0  atan_x.o ABSOLUTE
    ../mathlib/atan.c                        0x00000000   Number         0  atan.o ABSOLUTE
    ../mathlib/dunder.c                      0x00000000   Number         0  dunder.o ABSOLUTE
    ../mathlib/fpclassify.c                  0x00000000   Number         0  fpclassify.o ABSOLUTE
    ../mathlib/poly.c                        0x00000000   Number         0  poly.o ABSOLUTE
    ../mathlib/sqrt.c                        0x00000000   Number         0  sqrt_x.o ABSOLUTE
    ../mathlib/sqrt.c                        0x00000000   Number         0  sqrt.o ABSOLUTE
    ..\..\..\Library\Device\Nuvoton\M031\Source\ARM\startup_M031Series.s 0x00000000   Number         0  startup_m031series.o ABSOLUTE
    ..\..\..\Library\Device\Nuvoton\M031\Source\system_M031Series.c 0x00000000   Number         0  system_m031series.o ABSOLUTE
    ..\..\..\Library\StdDriver\src\clk.c     0x00000000   Number         0  clk.o ABSOLUTE
    ..\..\..\Library\StdDriver\src\gpio.c    0x00000000   Number         0  gpio.o ABSOLUTE
    ..\..\..\Library\StdDriver\src\i2c.c     0x00000000   Number         0  i2c.o ABSOLUTE
    ..\..\..\Library\StdDriver\src\pdma.c    0x00000000   Number         0  pdma.o ABSOLUTE
    ..\..\..\Library\StdDriver\src\retarget.c 0x00000000   Number         0  retarget.o ABSOLUTE
    ..\..\..\Library\StdDriver\src\sys.c     0x00000000   Number         0  sys.o ABSOLUTE
    ..\..\..\Library\StdDriver\src\timer.c   0x00000000   Number         0  timer.o ABSOLUTE
    ..\..\..\Library\StdDriver\src\uart.c    0x00000000   Number         0  uart.o ABSOLUTE
    ..\I2C_LSM6DSL.c                         0x00000000   Number         0  i2c_lsm6dsl.o ABSOLUTE
    ..\Kalman_Filter\kalman_filter.c         0x00000000   Number         0  kalman_filter.o ABSOLUTE
    ..\\..\\..\\Library\\Device\\Nuvoton\\M031\\Source\\system_M031Series.c 0x00000000   Number         0  system_m031series.o ABSOLUTE
    ..\\..\\..\\Library\\StdDriver\\src\\clk.c 0x00000000   Number         0  clk.o ABSOLUTE
    ..\\..\\..\\Library\\StdDriver\\src\\gpio.c 0x00000000   Number         0  gpio.o ABSOLUTE
    ..\\..\\..\\Library\\StdDriver\\src\\i2c.c 0x00000000   Number         0  i2c.o ABSOLUTE
    ..\\..\\..\\Library\\StdDriver\\src\\pdma.c 0x00000000   Number         0  pdma.o ABSOLUTE
    ..\\..\\..\\Library\\StdDriver\\src\\retarget.c 0x00000000   Number         0  retarget.o ABSOLUTE
    ..\\..\\..\\Library\\StdDriver\\src\\sys.c 0x00000000   Number         0  sys.o ABSOLUTE
    ..\\..\\..\\Library\\StdDriver\\src\\timer.c 0x00000000   Number         0  timer.o ABSOLUTE
    ..\\..\\..\\Library\\StdDriver\\src\\uart.c 0x00000000   Number         0  uart.o ABSOLUTE
    ..\\I2C_LSM6DSL.c                        0x00000000   Number         0  i2c_lsm6dsl.o ABSOLUTE
    ..\\Kalman_Filter\\kalman_filter.c       0x00000000   Number         0  kalman_filter.o ABSOLUTE
    ..\\i2c_master.c                         0x00000000   Number         0  i2c_master.o ABSOLUTE
    ..\\main.c                               0x00000000   Number         0  main.o ABSOLUTE
    ..\i2c_master.c                          0x00000000   Number         0  i2c_master.o ABSOLUTE
    ..\main.c                                0x00000000   Number         0  main.o ABSOLUTE
    cdcmple.s                                0x00000000   Number         0  cdcmple.o ABSOLUTE
    cdrcmple.s                               0x00000000   Number         0  cdrcmple.o ABSOLUTE
    handlers.s                               0x00000000   Number         0  handlers.o ABSOLUTE
    init.s                                   0x00000000   Number         0  init.o ABSOLUTE
    .ARM.Collect$$$$00000000                 0x000000c0   Section        0  entry.o(.ARM.Collect$$$$00000000)
    .ARM.Collect$$$$00000001                 0x000000c0   Section        4  entry2.o(.ARM.Collect$$$$00000001)
    .ARM.Collect$$$$00000004                 0x000000c4   Section        4  entry5.o(.ARM.Collect$$$$00000004)
    .ARM.Collect$$$$00000008                 0x000000c8   Section        0  entry7b.o(.ARM.Collect$$$$00000008)
    .ARM.Collect$$$$0000000A                 0x000000c8   Section        0  entry8b.o(.ARM.Collect$$$$0000000A)
    .ARM.Collect$$$$0000000B                 0x000000c8   Section        8  entry9a.o(.ARM.Collect$$$$0000000B)
    .ARM.Collect$$$$0000000D                 0x000000d0   Section        0  entry10a.o(.ARM.Collect$$$$0000000D)
    .ARM.Collect$$$$0000000F                 0x000000d0   Section        0  entry11a.o(.ARM.Collect$$$$0000000F)
    .ARM.Collect$$$$00002712                 0x000000d0   Section        4  entry2.o(.ARM.Collect$$$$00002712)
    __lit__00000000                          0x000000d0   Data           4  entry2.o(.ARM.Collect$$$$00002712)
    .emb_text                                0x000000d4   Section       28  retarget.o(.emb_text)
    .text                                    0x000000f0   Section       92  startup_m031series.o(.text)
    Default_Handler                          0x00000121   Thumb Code     2  startup_m031series.o(.text)
    .text                                    0x0000014c   Section        0  uidiv.o(.text)
    .text                                    0x00000178   Section        0  idiv.o(.text)
    .text                                    0x000001a0   Section        0  memcpya.o(.text)
    .text                                    0x000001c4   Section        0  fmul.o(.text)
    .text                                    0x00000240   Section        0  dmul.o(.text)
    .text                                    0x00000310   Section        0  ddiv.o(.text)
    .text                                    0x00000400   Section        0  fflti.o(.text)
    .text                                    0x00000416   Section        0  ffixi.o(.text)
    .text                                    0x00000448   Section        0  uldiv.o(.text)
    .text                                    0x000004a8   Section        0  iusefp.o(.text)
    .text                                    0x000004a8   Section        0  fepilogue.o(.text)
    .text                                    0x0000052a   Section        0  depilogue.o(.text)
    .text                                    0x000005e8   Section        0  dadd.o(.text)
    .text                                    0x0000074c   Section        0  dfixul.o(.text)
    .text                                    0x0000078c   Section       40  cdrcmple.o(.text)
    .text                                    0x000007b4   Section       36  init.o(.text)
    .text                                    0x000007d8   Section        0  llshl.o(.text)
    .text                                    0x000007f8   Section        0  llushr.o(.text)
    .text                                    0x0000081a   Section        0  llsshr.o(.text)
    i.CLK_EnableModuleClock                  0x00000840   Section        0  clk.o(i.CLK_EnableModuleClock)
    i.CLK_EnableXtalRC                       0x00000870   Section        0  clk.o(i.CLK_EnableXtalRC)
    i.CLK_GetCPUFreq                         0x00000880   Section        0  clk.o(i.CLK_GetCPUFreq)
    i.CLK_GetHXTFreq                         0x00000890   Section        0  clk.o(i.CLK_GetHXTFreq)
    i.CLK_GetLXTFreq                         0x000008a4   Section        0  clk.o(i.CLK_GetLXTFreq)
    i.CLK_GetPCLK0Freq                       0x000008bc   Section        0  clk.o(i.CLK_GetPCLK0Freq)
    i.CLK_GetPCLK1Freq                       0x000008dc   Section        0  clk.o(i.CLK_GetPCLK1Freq)
    i.CLK_GetPLLClockFreq                    0x000008fc   Section        0  uart.o(i.CLK_GetPLLClockFreq)
    CLK_GetPLLClockFreq                      0x000008fd   Thumb Code    70  uart.o(i.CLK_GetPLLClockFreq)
    i.CLK_SetHCLK                            0x00000954   Section        0  clk.o(i.CLK_SetHCLK)
    i.CLK_SetModuleClock                     0x000009a4   Section        0  clk.o(i.CLK_SetModuleClock)
    i.CLK_WaitClockReady                     0x00000a14   Section        0  clk.o(i.CLK_WaitClockReady)
    i.GPIO_Init                              0x00000a40   Section        0  main.o(i.GPIO_Init)
    i.GPIO_SetMode                           0x00000a54   Section        0  gpio.o(i.GPIO_SetMode)
    i.Hard_Fault_Handler                     0x00000a7c   Section        0  retarget.o(i.Hard_Fault_Handler)
    __tagsym$$used                           0x00000a7d   Number         0  retarget.o(i.Hard_Fault_Handler)
    i.I2C0_IRQHandler                        0x00000aa4   Section        0  i2c_master.o(i.I2C0_IRQHandler)
    i.I2C0_Init                              0x00000ad0   Section        0  main.o(i.I2C0_Init)
    i.I2C_ClearTimeoutFlag                   0x00000b30   Section        0  i2c.o(i.I2C_ClearTimeoutFlag)
    i.I2C_EnableInt                          0x00000b3a   Section        0  i2c.o(i.I2C_EnableInt)
    i.I2C_GetBusClockFreq                    0x00000b44   Section        0  i2c.o(i.I2C_GetBusClockFreq)
    i.I2C_GetData                            0x00000b68   Section        0  i2c.o(i.I2C_GetData)
    i.I2C_Open                               0x00000b70   Section        0  i2c.o(i.I2C_Open)
    i.I2C_SetSlaveAddr                       0x00000bb8   Section        0  i2c.o(i.I2C_SetSlaveAddr)
    i.I2Cx_MasterRx_multi                    0x00000bd8   Section        0  i2c_master.o(i.I2Cx_MasterRx_multi)
    i.I2Cx_MasterTx_multi                    0x00000c90   Section        0  i2c_master.o(i.I2Cx_MasterTx_multi)
    i.I2Cx_ReadMultiFromSlaveIRQ             0x00000d10   Section        0  i2c_master.o(i.I2Cx_ReadMultiFromSlaveIRQ)
    i.I2Cx_WriteMultiToSlaveIRQ              0x00000d48   Section        0  i2c_master.o(i.I2Cx_WriteMultiToSlaveIRQ)
    i.LSM6DSL_Delay                          0x00000d80   Section        0  i2c_lsm6dsl.o(i.LSM6DSL_Delay)
    i.SYS_Init                               0x00000d8c   Section        0  main.o(i.SYS_Init)
    i.SYS_ResetModule                        0x00000e1c   Section        0  sys.o(i.SYS_ResetModule)
    i.SendChar                               0x00000e38   Section        0  retarget.o(i.SendChar)
    SendChar                                 0x00000e39   Thumb Code    26  retarget.o(i.SendChar)
    i.SystemCoreClockUpdate                  0x00000e58   Section        0  system_m031series.o(i.SystemCoreClockUpdate)
    i.SystemInit                             0x00000eec   Section        0  system_m031series.o(i.SystemInit)
    i.TIMER3_Init                            0x00000f24   Section        0  main.o(i.TIMER3_Init)
    i.TIMER_GetModuleClock                   0x00000f58   Section        0  timer.o(i.TIMER_GetModuleClock)
    i.TIMER_Open                             0x00000fc8   Section        0  timer.o(i.TIMER_Open)
    i.TMR3_IRQHandler                        0x00001008   Section        0  main.o(i.TMR3_IRQHandler)
    i.UART0_Init                             0x00001060   Section        0  main.o(i.UART0_Init)
    i.UART_Open                              0x00001148   Section        0  uart.o(i.UART_Open)
    i.UART_SetTimeoutCnt                     0x0000122c   Section        0  uart.o(i.UART_SetTimeoutCnt)
    i.__0printf                              0x00001244   Section        0  printfa.o(i.__0printf)
    i.__ARM_clz                              0x00001264   Section        0  depilogue.o(i.__ARM_clz)
    i.__scatterload_copy                     0x00001292   Section       14  handlers.o(i.__scatterload_copy)
    i.__scatterload_null                     0x000012a0   Section        2  handlers.o(i.__scatterload_null)
    i.__scatterload_zeroinit                 0x000012a2   Section       14  handlers.o(i.__scatterload_zeroinit)
    i._fp_digits                             0x000012b0   Section        0  printfa.o(i._fp_digits)
    _fp_digits                               0x000012b1   Thumb Code   344  printfa.o(i._fp_digits)
    i._printf_core                           0x00001424   Section        0  printfa.o(i._printf_core)
    _printf_core                             0x00001425   Thumb Code  1754  printfa.o(i._printf_core)
    i._printf_post_padding                   0x00001b10   Section        0  printfa.o(i._printf_post_padding)
    _printf_post_padding                     0x00001b11   Thumb Code    32  printfa.o(i._printf_post_padding)
    i._printf_pre_padding                    0x00001b30   Section        0  printfa.o(i._printf_pre_padding)
    _printf_pre_padding                      0x00001b31   Thumb Code    44  printfa.o(i._printf_pre_padding)
    i.appLSM6DSL_GetAcc                      0x00001b5c   Section        0  i2c_lsm6dsl.o(i.appLSM6DSL_GetAcc)
    i.appLSM6DSL_GetAccData                  0x00001c84   Section        0  i2c_lsm6dsl.o(i.appLSM6DSL_GetAccData)
    i.appLSM6DSL_GetData                     0x00001cb0   Section        0  i2c_lsm6dsl.o(i.appLSM6DSL_GetData)
    i.appLSM6DSL_GetGyro                     0x00001d1c   Section        0  i2c_lsm6dsl.o(i.appLSM6DSL_GetGyro)
    i.appLSM6DSL_GetGyroData                 0x00001e70   Section        0  i2c_lsm6dsl.o(i.appLSM6DSL_GetGyroData)
    i.appLSM6DSL_Read                        0x00001e9c   Section        0  i2c_lsm6dsl.o(i.appLSM6DSL_Read)
    i.appLSM6DSL_SetACC                      0x00001eac   Section        0  i2c_lsm6dsl.o(i.appLSM6DSL_SetACC)
    i.appLSM6DSL_SetAccData                  0x00001ef4   Section        0  i2c_lsm6dsl.o(i.appLSM6DSL_SetAccData)
    i.appLSM6DSL_SetGyro                     0x00001f14   Section        0  i2c_lsm6dsl.o(i.appLSM6DSL_SetGyro)
    i.appLSM6DSL_SetGyroData                 0x00001f58   Section        0  i2c_lsm6dsl.o(i.appLSM6DSL_SetGyroData)
    i.appLSM6DSL_Set_BDU                     0x00001f78   Section        0  i2c_lsm6dsl.o(i.appLSM6DSL_Set_BDU)
    i.appLSM6DSL_Set_FIFO_MODE               0x00001faa   Section        0  i2c_lsm6dsl.o(i.appLSM6DSL_Set_FIFO_MODE)
    i.appLSM6DSL_Set_FS_G                    0x00001fd6   Section        0  i2c_lsm6dsl.o(i.appLSM6DSL_Set_FS_G)
    i.appLSM6DSL_Set_FS_XL                   0x00002004   Section        0  i2c_lsm6dsl.o(i.appLSM6DSL_Set_FS_XL)
    i.appLSM6DSL_Set_IF_Addr_Incr            0x00002032   Section        0  i2c_lsm6dsl.o(i.appLSM6DSL_Set_IF_Addr_Incr)
    i.appLSM6DSL_Set_ODR_G                   0x00002064   Section        0  i2c_lsm6dsl.o(i.appLSM6DSL_Set_ODR_G)
    i.appLSM6DSL_Set_ODR_XL                  0x00002096   Section        0  i2c_lsm6dsl.o(i.appLSM6DSL_Set_ODR_XL)
    i.appLSM6DSL_Set_SW_RESET                0x000020c8   Section        0  i2c_lsm6dsl.o(i.appLSM6DSL_Set_SW_RESET)
    i.appLSM6DSL_Setup                       0x000020fa   Section        0  i2c_lsm6dsl.o(i.appLSM6DSL_Setup)
    i.appLSM6DSL_Write                       0x00002106   Section        0  i2c_lsm6dsl.o(i.appLSM6DSL_Write)
    i.fputc                                  0x00002116   Section        0  retarget.o(i.fputc)
    i.main                                   0x00002122   Section        0  main.o(i.main)
    i.stackDump                              0x00002140   Section        0  retarget.o(i.stackDump)
    stackDump                                0x00002141   Thumb Code    70  retarget.o(i.stackDump)
    .constdata                               0x000021e8   Section       32  system_m031series.o(.constdata)
    .constdata                               0x00002208   Section       72  uart.o(.constdata)
    .constdata                               0x00002250   Section       56  clk.o(.constdata)
    .constdata                               0x00002288   Section       32  timer.o(.constdata)
    .data                                    0x20000000   Section       12  system_m031series.o(.data)
    .data                                    0x2000000c   Section        4  retarget.o(.data)
    .data                                    0x20000010   Section        4  main.o(.data)
    CNT                                      0x20000010   Data           2  main.o(.data)
    CNT_SWITCH                               0x20000012   Data           2  main.o(.data)
    .data                                    0x20000014   Section       60  i2c_lsm6dsl.o(.data)
    cLSM6DSL_ACCx                            0x20000016   Data           2  i2c_lsm6dsl.o(.data)
    cLSM6DSL_ACCy                            0x20000018   Data           2  i2c_lsm6dsl.o(.data)
    cLSM6DSL_ACCz                            0x2000001a   Data           2  i2c_lsm6dsl.o(.data)
    cLSM6DSL_GYROx                           0x2000001c   Data           2  i2c_lsm6dsl.o(.data)
    cLSM6DSL_GYROy                           0x2000001e   Data           2  i2c_lsm6dsl.o(.data)
    cLSM6DSL_GYROz                           0x20000020   Data           2  i2c_lsm6dsl.o(.data)
    LSM6DSL_ACCx                             0x20000022   Data           2  i2c_lsm6dsl.o(.data)
    LSM6DSL_ACCy                             0x20000024   Data           2  i2c_lsm6dsl.o(.data)
    LSM6DSL_ACCz                             0x20000026   Data           2  i2c_lsm6dsl.o(.data)
    LSM6DSL_GYROx                            0x20000028   Data           2  i2c_lsm6dsl.o(.data)
    LSM6DSL_GYROy                            0x2000002a   Data           2  i2c_lsm6dsl.o(.data)
    LSM6DSL_GYROz                            0x2000002c   Data           2  i2c_lsm6dsl.o(.data)
    .data                                    0x20000050   Section       16  i2c_master.o(.data)
    STACK                                    0x20000060   Section      512  startup_m031series.o(STACK)

    Global Symbols

    Symbol Name                              Value     Ov Type        Size  Object(Section)

    BuildAttributes$$THM_ISAv3M$S$PE$A:L22$X:L11$S22$IEEE1$IW$USESV6$~STKCKD$USESV7$~SHL$OTIME$ROPI$IEEEX$EBA8$MICROLIB$REQ8$PRES8$EABIv2 0x00000000   Number         0  anon$$obj.o ABSOLUTE
    __ARM_use_no_argv                        0x00000000   Number         0  main.o ABSOLUTE
    __Vectors                                0x00000000   Data           4  startup_m031series.o(RESET)
    _printf_a                                0x00000000   Number         0  stubs.o ABSOLUTE
    _printf_c                                0x00000000   Number         0  stubs.o ABSOLUTE
    _printf_charcount                        0x00000000   Number         0  stubs.o ABSOLUTE
    _printf_d                                0x00000000   Number         0  stubs.o ABSOLUTE
    _printf_e                                0x00000000   Number         0  stubs.o ABSOLUTE
    _printf_f                                0x00000000   Number         0  stubs.o ABSOLUTE
    _printf_flags                            0x00000000   Number         0  stubs.o ABSOLUTE
    _printf_fp_dec                           0x00000000   Number         0  stubs.o ABSOLUTE
    _printf_fp_hex                           0x00000000   Number         0  stubs.o ABSOLUTE
    _printf_g                                0x00000000   Number         0  stubs.o ABSOLUTE
    _printf_i                                0x00000000   Number         0  stubs.o ABSOLUTE
    _printf_int_dec                          0x00000000   Number         0  stubs.o ABSOLUTE
    _printf_l                                0x00000000   Number         0  stubs.o ABSOLUTE
    _printf_lc                               0x00000000   Number         0  stubs.o ABSOLUTE
    _printf_ll                               0x00000000   Number         0  stubs.o ABSOLUTE
    _printf_lld                              0x00000000   Number         0  stubs.o ABSOLUTE
    _printf_lli                              0x00000000   Number         0  stubs.o ABSOLUTE
    _printf_llo                              0x00000000   Number         0  stubs.o ABSOLUTE
    _printf_llu                              0x00000000   Number         0  stubs.o ABSOLUTE
    _printf_llx                              0x00000000   Number         0  stubs.o ABSOLUTE
    _printf_longlong_dec                     0x00000000   Number         0  stubs.o ABSOLUTE
    _printf_longlong_hex                     0x00000000   Number         0  stubs.o ABSOLUTE
    _printf_longlong_oct                     0x00000000   Number         0  stubs.o ABSOLUTE
    _printf_ls                               0x00000000   Number         0  stubs.o ABSOLUTE
    _printf_mbtowc                           0x00000000   Number         0  stubs.o ABSOLUTE
    _printf_n                                0x00000000   Number         0  stubs.o ABSOLUTE
    _printf_o                                0x00000000   Number         0  stubs.o ABSOLUTE
    _printf_p                                0x00000000   Number         0  stubs.o ABSOLUTE
    _printf_percent                          0x00000000   Number         0  stubs.o ABSOLUTE
    _printf_pre_padding                      0x00000000   Number         0  stubs.o ABSOLUTE
    _printf_return_value                     0x00000000   Number         0  stubs.o ABSOLUTE
    _printf_s                                0x00000000   Number         0  stubs.o ABSOLUTE
    _printf_sizespec                         0x00000000   Number         0  stubs.o ABSOLUTE
    _printf_str                              0x00000000   Number         0  stubs.o ABSOLUTE
    _printf_truncate_signed                  0x00000000   Number         0  stubs.o ABSOLUTE
    _printf_truncate_unsigned                0x00000000   Number         0  stubs.o ABSOLUTE
    _printf_u                                0x00000000   Number         0  stubs.o ABSOLUTE
    _printf_wc                               0x00000000   Number         0  stubs.o ABSOLUTE
    _printf_wctomb                           0x00000000   Number         0  stubs.o ABSOLUTE
    _printf_widthprec                        0x00000000   Number         0  stubs.o ABSOLUTE
    _printf_x                                0x00000000   Number         0  stubs.o ABSOLUTE
    __cpp_initialize__aeabi_                  - Undefined Weak Reference
    __cxa_finalize                            - Undefined Weak Reference
    __decompress                              - Undefined Weak Reference
    _clock_init                               - Undefined Weak Reference
    _microlib_exit                            - Undefined Weak Reference
    __main                                   0x000000c1   Thumb Code     0  entry.o(.ARM.Collect$$$$00000000)
    _main_stk                                0x000000c1   Thumb Code     0  entry2.o(.ARM.Collect$$$$00000001)
    _main_scatterload                        0x000000c5   Thumb Code     0  entry5.o(.ARM.Collect$$$$00000004)
    __main_after_scatterload                 0x000000c9   Thumb Code     0  entry5.o(.ARM.Collect$$$$00000004)
    _main_clock                              0x000000c9   Thumb Code     0  entry7b.o(.ARM.Collect$$$$00000008)
    _main_cpp_init                           0x000000c9   Thumb Code     0  entry8b.o(.ARM.Collect$$$$0000000A)
    _main_init                               0x000000c9   Thumb Code     0  entry9a.o(.ARM.Collect$$$$0000000B)
    __rt_final_cpp                           0x000000d1   Thumb Code     0  entry10a.o(.ARM.Collect$$$$0000000D)
    __rt_final_exit                          0x000000d1   Thumb Code     0  entry11a.o(.ARM.Collect$$$$0000000F)
    HardFault_Handler                        0x000000d5   Thumb Code    24  retarget.o(.emb_text)
    Reset_Handler                            0x000000f1   Thumb Code    38  startup_m031series.o(.text)
    NMI_Handler                              0x00000117   Thumb Code     2  startup_m031series.o(.text)
    SVC_Handler                              0x0000011b   Thumb Code     2  startup_m031series.o(.text)
    PendSV_Handler                           0x0000011d   Thumb Code     2  startup_m031series.o(.text)
    SysTick_Handler                          0x0000011f   Thumb Code     2  startup_m031series.o(.text)
    ACMP01_IRQHandler                        0x00000121   Thumb Code     0  startup_m031series.o(.text)
    ADC_IRQHandler                           0x00000121   Thumb Code     0  startup_m031series.o(.text)
    BOD_IRQHandler                           0x00000121   Thumb Code     0  startup_m031series.o(.text)
    BPWM0_IRQHandler                         0x00000121   Thumb Code     0  startup_m031series.o(.text)
    BPWM1_IRQHandler                         0x00000121   Thumb Code     0  startup_m031series.o(.text)
    CKFAIL_IRQHandler                        0x00000121   Thumb Code     0  startup_m031series.o(.text)
    EINT024_IRQHandler                       0x00000121   Thumb Code     0  startup_m031series.o(.text)
    EINT135_IRQHandler                       0x00000121   Thumb Code     0  startup_m031series.o(.text)
    GPABGH_IRQHandler                        0x00000121   Thumb Code     0  startup_m031series.o(.text)
    GPCDEF_IRQHandler                        0x00000121   Thumb Code     0  startup_m031series.o(.text)
    I2C1_IRQHandler                          0x00000121   Thumb Code     0  startup_m031series.o(.text)
    ISP_IRQHandler                           0x00000121   Thumb Code     0  startup_m031series.o(.text)
    PDMA_IRQHandler                          0x00000121   Thumb Code     0  startup_m031series.o(.text)
    PWM0_IRQHandler                          0x00000121   Thumb Code     0  startup_m031series.o(.text)
    PWM1_IRQHandler                          0x00000121   Thumb Code     0  startup_m031series.o(.text)
    PWRWU_IRQHandler                         0x00000121   Thumb Code     0  startup_m031series.o(.text)
    QSPI0_IRQHandler                         0x00000121   Thumb Code     0  startup_m031series.o(.text)
    RTC_IRQHandler                           0x00000121   Thumb Code     0  startup_m031series.o(.text)
    SPI0_IRQHandler                          0x00000121   Thumb Code     0  startup_m031series.o(.text)
    TMR0_IRQHandler                          0x00000121   Thumb Code     0  startup_m031series.o(.text)
    TMR1_IRQHandler                          0x00000121   Thumb Code     0  startup_m031series.o(.text)
    TMR2_IRQHandler                          0x00000121   Thumb Code     0  startup_m031series.o(.text)
    UART02_IRQHandler                        0x00000121   Thumb Code     0  startup_m031series.o(.text)
    UART13_IRQHandler                        0x00000121   Thumb Code     0  startup_m031series.o(.text)
    UART46_IRQHandler                        0x00000121   Thumb Code     0  startup_m031series.o(.text)
    UART57_IRQHandler                        0x00000121   Thumb Code     0  startup_m031series.o(.text)
    USBD_IRQHandler                          0x00000121   Thumb Code     0  startup_m031series.o(.text)
    USCI01_IRQHandler                        0x00000121   Thumb Code     0  startup_m031series.o(.text)
    WDT_IRQHandler                           0x00000121   Thumb Code     0  startup_m031series.o(.text)
    __aeabi_uidiv                            0x0000014d   Thumb Code     0  uidiv.o(.text)
    __aeabi_uidivmod                         0x0000014d   Thumb Code    44  uidiv.o(.text)
    __aeabi_idiv                             0x00000179   Thumb Code     0  idiv.o(.text)
    __aeabi_idivmod                          0x00000179   Thumb Code    40  idiv.o(.text)
    __aeabi_memcpy                           0x000001a1   Thumb Code    36  memcpya.o(.text)
    __aeabi_memcpy4                          0x000001a1   Thumb Code     0  memcpya.o(.text)
    __aeabi_memcpy8                          0x000001a1   Thumb Code     0  memcpya.o(.text)
    __aeabi_fmul                             0x000001c5   Thumb Code   122  fmul.o(.text)
    __aeabi_dmul                             0x00000241   Thumb Code   202  dmul.o(.text)
    __aeabi_ddiv                             0x00000311   Thumb Code   234  ddiv.o(.text)
    __aeabi_i2f                              0x00000401   Thumb Code    22  fflti.o(.text)
    __aeabi_f2iz                             0x00000417   Thumb Code    50  ffixi.o(.text)
    __aeabi_uldivmod                         0x00000449   Thumb Code    96  uldiv.o(.text)
    __I$use$fp                               0x000004a9   Thumb Code     0  iusefp.o(.text)
    _float_round                             0x000004a9   Thumb Code    16  fepilogue.o(.text)
    _float_epilogue                          0x000004b9   Thumb Code   114  fepilogue.o(.text)
    _double_round                            0x0000052b   Thumb Code    26  depilogue.o(.text)
    _double_epilogue                         0x00000545   Thumb Code   164  depilogue.o(.text)
    __aeabi_dadd                             0x000005e9   Thumb Code   328  dadd.o(.text)
    __aeabi_dsub                             0x00000731   Thumb Code    12  dadd.o(.text)
    __aeabi_drsub                            0x0000073d   Thumb Code    12  dadd.o(.text)
    __aeabi_d2ulz                            0x0000074d   Thumb Code    54  dfixul.o(.text)
    __aeabi_cdrcmple                         0x0000078d   Thumb Code    38  cdrcmple.o(.text)
    __scatterload                            0x000007b5   Thumb Code    28  init.o(.text)
    __scatterload_rt2                        0x000007b5   Thumb Code     0  init.o(.text)
    __aeabi_llsl                             0x000007d9   Thumb Code    32  llshl.o(.text)
    _ll_shift_l                              0x000007d9   Thumb Code     0  llshl.o(.text)
    __aeabi_llsr                             0x000007f9   Thumb Code    34  llushr.o(.text)
    _ll_ushift_r                             0x000007f9   Thumb Code     0  llushr.o(.text)
    __aeabi_lasr                             0x0000081b   Thumb Code    38  llsshr.o(.text)
    _ll_sshift_r                             0x0000081b   Thumb Code     0  llsshr.o(.text)
    CLK_EnableModuleClock                    0x00000841   Thumb Code    40  clk.o(i.CLK_EnableModuleClock)
    CLK_EnableXtalRC                         0x00000871   Thumb Code    10  clk.o(i.CLK_EnableXtalRC)
    CLK_GetCPUFreq                           0x00000881   Thumb Code    12  clk.o(i.CLK_GetCPUFreq)
    CLK_GetHXTFreq                           0x00000891   Thumb Code    12  clk.o(i.CLK_GetHXTFreq)
    CLK_GetLXTFreq                           0x000008a5   Thumb Code    18  clk.o(i.CLK_GetLXTFreq)
    CLK_GetPCLK0Freq                         0x000008bd   Thumb Code    22  clk.o(i.CLK_GetPCLK0Freq)
    CLK_GetPCLK1Freq                         0x000008dd   Thumb Code    22  clk.o(i.CLK_GetPCLK1Freq)
    CLK_SetHCLK                              0x00000955   Thumb Code    76  clk.o(i.CLK_SetHCLK)
    CLK_SetModuleClock                       0x000009a5   Thumb Code   102  clk.o(i.CLK_SetModuleClock)
    CLK_WaitClockReady                       0x00000a15   Thumb Code    34  clk.o(i.CLK_WaitClockReady)
    GPIO_Init                                0x00000a41   Thumb Code    14  main.o(i.GPIO_Init)
    GPIO_SetMode                             0x00000a55   Thumb Code    40  gpio.o(i.GPIO_SetMode)
    Hard_Fault_Handler                       0x00000a7d   Thumb Code    16  retarget.o(i.Hard_Fault_Handler)
    I2C0_IRQHandler                          0x00000aa5   Thumb Code    36  i2c_master.o(i.I2C0_IRQHandler)
    I2C0_Init                                0x00000ad1   Thumb Code    60  main.o(i.I2C0_Init)
    I2C_ClearTimeoutFlag                     0x00000b31   Thumb Code    10  i2c.o(i.I2C_ClearTimeoutFlag)
    I2C_EnableInt                            0x00000b3b   Thumb Code    10  i2c.o(i.I2C_EnableInt)
    I2C_GetBusClockFreq                      0x00000b45   Thumb Code    30  i2c.o(i.I2C_GetBusClockFreq)
    I2C_GetData                              0x00000b69   Thumb Code     6  i2c.o(i.I2C_GetData)
    I2C_Open                                 0x00000b71   Thumb Code    66  i2c.o(i.I2C_Open)
    I2C_SetSlaveAddr                         0x00000bb9   Thumb Code    32  i2c.o(i.I2C_SetSlaveAddr)
    I2Cx_MasterRx_multi                      0x00000bd9   Thumb Code   176  i2c_master.o(i.I2Cx_MasterRx_multi)
    I2Cx_MasterTx_multi                      0x00000c91   Thumb Code   120  i2c_master.o(i.I2Cx_MasterTx_multi)
    I2Cx_ReadMultiFromSlaveIRQ               0x00000d11   Thumb Code    42  i2c_master.o(i.I2Cx_ReadMultiFromSlaveIRQ)
    I2Cx_WriteMultiToSlaveIRQ                0x00000d49   Thumb Code    44  i2c_master.o(i.I2Cx_WriteMultiToSlaveIRQ)
    LSM6DSL_Delay                            0x00000d81   Thumb Code    12  i2c_lsm6dsl.o(i.LSM6DSL_Delay)
    SYS_Init                                 0x00000d8d   Thumb Code   132  main.o(i.SYS_Init)
    SYS_ResetModule                          0x00000e1d   Thumb Code    26  sys.o(i.SYS_ResetModule)
    SystemCoreClockUpdate                    0x00000e59   Thumb Code   120  system_m031series.o(i.SystemCoreClockUpdate)
    SystemInit                               0x00000eed   Thumb Code    46  system_m031series.o(i.SystemInit)
    TIMER3_Init                              0x00000f25   Thumb Code    42  main.o(i.TIMER3_Init)
    TIMER_GetModuleClock                     0x00000f59   Thumb Code    96  timer.o(i.TIMER_GetModuleClock)
    TIMER_Open                               0x00000fc9   Thumb Code    64  timer.o(i.TIMER_Open)
    TMR3_IRQHandler                          0x00001009   Thumb Code    68  main.o(i.TMR3_IRQHandler)
    UART0_Init                               0x00001061   Thumb Code    90  main.o(i.UART0_Init)
    UART_Open                                0x00001149   Thumb Code   198  uart.o(i.UART_Open)
    UART_SetTimeoutCnt                       0x0000122d   Thumb Code    22  uart.o(i.UART_SetTimeoutCnt)
    __0printf                                0x00001245   Thumb Code    24  printfa.o(i.__0printf)
    __1printf                                0x00001245   Thumb Code     0  printfa.o(i.__0printf)
    __2printf                                0x00001245   Thumb Code     0  printfa.o(i.__0printf)
    __c89printf                              0x00001245   Thumb Code     0  printfa.o(i.__0printf)
    printf                                   0x00001245   Thumb Code     0  printfa.o(i.__0printf)
    __ARM_clz                                0x00001265   Thumb Code    46  depilogue.o(i.__ARM_clz)
    __scatterload_copy                       0x00001293   Thumb Code    14  handlers.o(i.__scatterload_copy)
    __scatterload_null                       0x000012a1   Thumb Code     2  handlers.o(i.__scatterload_null)
    __scatterload_zeroinit                   0x000012a3   Thumb Code    14  handlers.o(i.__scatterload_zeroinit)
    appLSM6DSL_GetAcc                        0x00001b5d   Thumb Code   278  i2c_lsm6dsl.o(i.appLSM6DSL_GetAcc)
    appLSM6DSL_GetAccData                    0x00001c85   Thumb Code    40  i2c_lsm6dsl.o(i.appLSM6DSL_GetAccData)
    appLSM6DSL_GetData                       0x00001cb1   Thumb Code    72  i2c_lsm6dsl.o(i.appLSM6DSL_GetData)
    appLSM6DSL_GetGyro                       0x00001d1d   Thumb Code   320  i2c_lsm6dsl.o(i.appLSM6DSL_GetGyro)
    appLSM6DSL_GetGyroData                   0x00001e71   Thumb Code    40  i2c_lsm6dsl.o(i.appLSM6DSL_GetGyroData)
    appLSM6DSL_Read                          0x00001e9d   Thumb Code    16  i2c_lsm6dsl.o(i.appLSM6DSL_Read)
    appLSM6DSL_SetACC                        0x00001ead   Thumb Code    50  i2c_lsm6dsl.o(i.appLSM6DSL_SetACC)
    appLSM6DSL_SetAccData                    0x00001ef5   Thumb Code    26  i2c_lsm6dsl.o(i.appLSM6DSL_SetAccData)
    appLSM6DSL_SetGyro                       0x00001f15   Thumb Code    46  i2c_lsm6dsl.o(i.appLSM6DSL_SetGyro)
    appLSM6DSL_SetGyroData                   0x00001f59   Thumb Code    26  i2c_lsm6dsl.o(i.appLSM6DSL_SetGyroData)
    appLSM6DSL_Set_BDU                       0x00001f79   Thumb Code    50  i2c_lsm6dsl.o(i.appLSM6DSL_Set_BDU)
    appLSM6DSL_Set_FIFO_MODE                 0x00001fab   Thumb Code    44  i2c_lsm6dsl.o(i.appLSM6DSL_Set_FIFO_MODE)
    appLSM6DSL_Set_FS_G                      0x00001fd7   Thumb Code    46  i2c_lsm6dsl.o(i.appLSM6DSL_Set_FS_G)
    appLSM6DSL_Set_FS_XL                     0x00002005   Thumb Code    46  i2c_lsm6dsl.o(i.appLSM6DSL_Set_FS_XL)
    appLSM6DSL_Set_IF_Addr_Incr              0x00002033   Thumb Code    50  i2c_lsm6dsl.o(i.appLSM6DSL_Set_IF_Addr_Incr)
    appLSM6DSL_Set_ODR_G                     0x00002065   Thumb Code    50  i2c_lsm6dsl.o(i.appLSM6DSL_Set_ODR_G)
    appLSM6DSL_Set_ODR_XL                    0x00002097   Thumb Code    50  i2c_lsm6dsl.o(i.appLSM6DSL_Set_ODR_XL)
    appLSM6DSL_Set_SW_RESET                  0x000020c9   Thumb Code    50  i2c_lsm6dsl.o(i.appLSM6DSL_Set_SW_RESET)
    appLSM6DSL_Setup                         0x000020fb   Thumb Code    12  i2c_lsm6dsl.o(i.appLSM6DSL_Setup)
    appLSM6DSL_Write                         0x00002107   Thumb Code    16  i2c_lsm6dsl.o(i.appLSM6DSL_Write)
    fputc                                    0x00002117   Thumb Code    12  retarget.o(i.fputc)
    main                                     0x00002123   Thumb Code    30  main.o(i.main)
    gau32ClkSrcTbl                           0x000021e8   Data          32  system_m031series.o(.constdata)
    Region$$Table$$Base                      0x000022a8   Number         0  anon$$obj.o(Region$$Table)
    Region$$Table$$Limit                     0x000022c8   Number         0  anon$$obj.o(Region$$Table)
    SystemCoreClock                          0x20000000   Data           4  system_m031series.o(.data)
    CyclesPerUs                              0x20000004   Data           4  system_m031series.o(.data)
    PllClock                                 0x20000008   Data           4  system_m031series.o(.data)
    __stdout                                 0x2000000c   Data           4  retarget.o(.data)
    FlagSwitch                               0x20000014   Data           1  i2c_lsm6dsl.o(.data)
    Flag_Calibrate                           0x20000015   Data           1  i2c_lsm6dsl.o(.data)
    gx                                       0x2000002e   Data           2  i2c_lsm6dsl.o(.data)
    gy                                       0x20000030   Data           2  i2c_lsm6dsl.o(.data)
    gz                                       0x20000032   Data           2  i2c_lsm6dsl.o(.data)
    ax                                       0x20000034   Data           2  i2c_lsm6dsl.o(.data)
    ay                                       0x20000036   Data           2  i2c_lsm6dsl.o(.data)
    az                                       0x20000038   Data           2  i2c_lsm6dsl.o(.data)
    RollAng                                  0x2000003c   Data           4  i2c_lsm6dsl.o(.data)
    PitchAng                                 0x20000040   Data           4  i2c_lsm6dsl.o(.data)
    angle_dot                                0x20000044   Data           4  i2c_lsm6dsl.o(.data)
    f_angle                                  0x20000048   Data           4  i2c_lsm6dsl.o(.data)
    f_angle_dot                              0x2000004c   Data           4  i2c_lsm6dsl.o(.data)
    g_u8EndFlag                              0x20000050   Data           1  i2c_master.o(.data)
    g_u8DeviceAddr_m                         0x20000051   Data           1  i2c_master.o(.data)
    g_u8DataLen_m                            0x20000052   Data           1  i2c_master.o(.data)
    rawlenth                                 0x20000053   Data           1  i2c_master.o(.data)
    g_au8Reg                                 0x20000054   Data           1  i2c_master.o(.data)
    I2Cx_Master_HandlerFn                    0x20000058   Data           4  i2c_master.o(.data)
    g_au8Buffer                              0x2000005c   Data           4  i2c_master.o(.data)
    __initial_sp                             0x20000260   Data           0  startup_m031series.o(STACK)



==============================================================================

Memory Map of the image

  Image Entry point : 0x000000f1

  Load Region LR_1 (Base: 0x00000000, Size: 0x00002328, Max: 0xffffffff, ABSOLUTE)

    Execution Region ER_RO (Exec base: 0x00000000, Load base: 0x00000000, Size: 0x000022c8, Max: 0xffffffff, ABSOLUTE)

    Exec Addr    Load Addr    Size         Type   Attr      Idx    E Section Name        Object

    0x00000000   0x00000000   0x000000c0   Data   RO          209    RESET               startup_m031series.o
    0x000000c0   0x000000c0   0x00000000   Code   RO         1598  * .ARM.Collect$$$$00000000  mc_p.l(entry.o)
    0x000000c0   0x000000c0   0x00000004   Code   RO         1904    .ARM.Collect$$$$00000001  mc_p.l(entry2.o)
    0x000000c4   0x000000c4   0x00000004   Code   RO         1907    .ARM.Collect$$$$00000004  mc_p.l(entry5.o)
    0x000000c8   0x000000c8   0x00000000   Code   RO         1909    .ARM.Collect$$$$00000008  mc_p.l(entry7b.o)
    0x000000c8   0x000000c8   0x00000000   Code   RO         1911    .ARM.Collect$$$$0000000A  mc_p.l(entry8b.o)
    0x000000c8   0x000000c8   0x00000008   Code   RO         1912    .ARM.Collect$$$$0000000B  mc_p.l(entry9a.o)
    0x000000d0   0x000000d0   0x00000000   Code   RO         1914    .ARM.Collect$$$$0000000D  mc_p.l(entry10a.o)
    0x000000d0   0x000000d0   0x00000000   Code   RO         1916    .ARM.Collect$$$$0000000F  mc_p.l(entry11a.o)
    0x000000d0   0x000000d0   0x00000004   Code   RO         1905    .ARM.Collect$$$$00002712  mc_p.l(entry2.o)
    0x000000d4   0x000000d4   0x0000001c   Code   RO          216    .emb_text           retarget.o
    0x000000f0   0x000000f0   0x0000005c   Code   RO          210  * .text               startup_m031series.o
    0x0000014c   0x0000014c   0x0000002c   Code   RO         1599    .text               mc_p.l(uidiv.o)
    0x00000178   0x00000178   0x00000028   Code   RO         1601    .text               mc_p.l(idiv.o)
    0x000001a0   0x000001a0   0x00000024   Code   RO         1603    .text               mc_p.l(memcpya.o)
    0x000001c4   0x000001c4   0x0000007a   Code   RO         1870    .text               mf_p.l(fmul.o)
    0x0000023e   0x0000023e   0x00000002   PAD
    0x00000240   0x00000240   0x000000d0   Code   RO         1874    .text               mf_p.l(dmul.o)
    0x00000310   0x00000310   0x000000f0   Code   RO         1876    .text               mf_p.l(ddiv.o)
    0x00000400   0x00000400   0x00000016   Code   RO         1878    .text               mf_p.l(fflti.o)
    0x00000416   0x00000416   0x00000032   Code   RO         1880    .text               mf_p.l(ffixi.o)
    0x00000448   0x00000448   0x00000060   Code   RO         1918    .text               mc_p.l(uldiv.o)
    0x000004a8   0x000004a8   0x00000000   Code   RO         1927    .text               mc_p.l(iusefp.o)
    0x000004a8   0x000004a8   0x00000082   Code   RO         1928    .text               mf_p.l(fepilogue.o)
    0x0000052a   0x0000052a   0x000000be   Code   RO         1930    .text               mf_p.l(depilogue.o)
    0x000005e8   0x000005e8   0x00000164   Code   RO         1934    .text               mf_p.l(dadd.o)
    0x0000074c   0x0000074c   0x00000040   Code   RO         1940    .text               mf_p.l(dfixul.o)
    0x0000078c   0x0000078c   0x00000028   Code   RO         1944    .text               mf_p.l(cdrcmple.o)
    0x000007b4   0x000007b4   0x00000024   Code   RO         1946    .text               mc_p.l(init.o)
    0x000007d8   0x000007d8   0x00000020   Code   RO         1948    .text               mc_p.l(llshl.o)
    0x000007f8   0x000007f8   0x00000022   Code   RO         1950    .text               mc_p.l(llushr.o)
    0x0000081a   0x0000081a   0x00000026   Code   RO         1952    .text               mc_p.l(llsshr.o)
    0x00000840   0x00000840   0x00000030   Code   RO          417    i.CLK_EnableModuleClock  clk.o
    0x00000870   0x00000870   0x00000010   Code   RO          420    i.CLK_EnableXtalRC  clk.o
    0x00000880   0x00000880   0x00000010   Code   RO          421    i.CLK_GetCPUFreq    clk.o
    0x00000890   0x00000890   0x00000014   Code   RO          423    i.CLK_GetHXTFreq    clk.o
    0x000008a4   0x000008a4   0x00000018   Code   RO          424    i.CLK_GetLXTFreq    clk.o
    0x000008bc   0x000008bc   0x00000020   Code   RO          425    i.CLK_GetPCLK0Freq  clk.o
    0x000008dc   0x000008dc   0x00000020   Code   RO          426    i.CLK_GetPCLK1Freq  clk.o
    0x000008fc   0x000008fc   0x00000058   Code   RO          304    i.CLK_GetPLLClockFreq  uart.o
    0x00000954   0x00000954   0x00000050   Code   RO          430    i.CLK_SetHCLK       clk.o
    0x000009a4   0x000009a4   0x00000070   Code   RO          431    i.CLK_SetModuleClock  clk.o
    0x00000a14   0x00000a14   0x0000002c   Code   RO          433    i.CLK_WaitClockReady  clk.o
    0x00000a40   0x00000a40   0x00000014   Code   RO         1107    i.GPIO_Init         main.o
    0x00000a54   0x00000a54   0x00000028   Code   RO          572    i.GPIO_SetMode      gpio.o
    0x00000a7c   0x00000a7c   0x00000028   Code   RO          217    i.Hard_Fault_Handler  retarget.o
    0x00000aa4   0x00000aa4   0x0000002c   Code   RO         1488    i.I2C0_IRQHandler   i2c_master.o
    0x00000ad0   0x00000ad0   0x00000060   Code   RO         1108    i.I2C0_Init         main.o
    0x00000b30   0x00000b30   0x0000000a   Code   RO          602    i.I2C_ClearTimeoutFlag  i2c.o
    0x00000b3a   0x00000b3a   0x0000000a   Code   RO          607    i.I2C_EnableInt     i2c.o
    0x00000b44   0x00000b44   0x00000024   Code   RO          610    i.I2C_GetBusClockFreq  i2c.o
    0x00000b68   0x00000b68   0x00000006   Code   RO          611    i.I2C_GetData       i2c.o
    0x00000b6e   0x00000b6e   0x00000002   PAD
    0x00000b70   0x00000b70   0x00000048   Code   RO          614    i.I2C_Open          i2c.o
    0x00000bb8   0x00000bb8   0x00000020   Code   RO          633    i.I2C_SetSlaveAddr  i2c.o
    0x00000bd8   0x00000bd8   0x000000b8   Code   RO         1489    i.I2Cx_MasterRx_multi  i2c_master.o
    0x00000c90   0x00000c90   0x00000080   Code   RO         1490    i.I2Cx_MasterTx_multi  i2c_master.o
    0x00000d10   0x00000d10   0x00000038   Code   RO         1492    i.I2Cx_ReadMultiFromSlaveIRQ  i2c_master.o
    0x00000d48   0x00000d48   0x00000038   Code   RO         1494    i.I2Cx_WriteMultiToSlaveIRQ  i2c_master.o
    0x00000d80   0x00000d80   0x0000000c   Code   RO         1306    i.LSM6DSL_Delay     i2c_lsm6dsl.o
    0x00000d8c   0x00000d8c   0x00000090   Code   RO         1109    i.SYS_Init          main.o
    0x00000e1c   0x00000e1c   0x0000001a   Code   RO          955    i.SYS_ResetModule   sys.o
    0x00000e36   0x00000e36   0x00000002   PAD
    0x00000e38   0x00000e38   0x00000020   Code   RO          219    i.SendChar          retarget.o
    0x00000e58   0x00000e58   0x00000094   Code   RO            3    i.SystemCoreClockUpdate  system_m031series.o
    0x00000eec   0x00000eec   0x00000038   Code   RO            4    i.SystemInit        system_m031series.o
    0x00000f24   0x00000f24   0x00000034   Code   RO         1110    i.TIMER3_Init       main.o
    0x00000f58   0x00000f58   0x00000070   Code   RO         1028    i.TIMER_GetModuleClock  timer.o
    0x00000fc8   0x00000fc8   0x00000040   Code   RO         1029    i.TIMER_Open        timer.o
    0x00001008   0x00001008   0x00000058   Code   RO         1111    i.TMR3_IRQHandler   main.o
    0x00001060   0x00001060   0x000000e8   Code   RO         1112    i.UART0_Init        main.o
    0x00001148   0x00001148   0x000000e4   Code   RO          311    i.UART_Open         uart.o
    0x0000122c   0x0000122c   0x00000016   Code   RO          317    i.UART_SetTimeoutCnt  uart.o
    0x00001242   0x00001242   0x00000002   PAD
    0x00001244   0x00001244   0x00000020   Code   RO         1840    i.__0printf         mc_p.l(printfa.o)
    0x00001264   0x00001264   0x0000002e   Code   RO         1932    i.__ARM_clz         mf_p.l(depilogue.o)
    0x00001292   0x00001292   0x0000000e   Code   RO         1956    i.__scatterload_copy  mc_p.l(handlers.o)
    0x000012a0   0x000012a0   0x00000002   Code   RO         1957    i.__scatterload_null  mc_p.l(handlers.o)
    0x000012a2   0x000012a2   0x0000000e   Code   RO         1958    i.__scatterload_zeroinit  mc_p.l(handlers.o)
    0x000012b0   0x000012b0   0x00000174   Code   RO         1847    i._fp_digits        mc_p.l(printfa.o)
    0x00001424   0x00001424   0x000006ec   Code   RO         1848    i._printf_core      mc_p.l(printfa.o)
    0x00001b10   0x00001b10   0x00000020   Code   RO         1849    i._printf_post_padding  mc_p.l(printfa.o)
    0x00001b30   0x00001b30   0x0000002c   Code   RO         1850    i._printf_pre_padding  mc_p.l(printfa.o)
    0x00001b5c   0x00001b5c   0x00000128   Code   RO         1307    i.appLSM6DSL_GetAcc  i2c_lsm6dsl.o
    0x00001c84   0x00001c84   0x0000002c   Code   RO         1308    i.appLSM6DSL_GetAccData  i2c_lsm6dsl.o
    0x00001cb0   0x00001cb0   0x0000006c   Code   RO         1309    i.appLSM6DSL_GetData  i2c_lsm6dsl.o
    0x00001d1c   0x00001d1c   0x00000154   Code   RO         1310    i.appLSM6DSL_GetGyro  i2c_lsm6dsl.o
    0x00001e70   0x00001e70   0x0000002c   Code   RO         1311    i.appLSM6DSL_GetGyroData  i2c_lsm6dsl.o
    0x00001e9c   0x00001e9c   0x00000010   Code   RO         1313    i.appLSM6DSL_Read   i2c_lsm6dsl.o
    0x00001eac   0x00001eac   0x00000048   Code   RO         1314    i.appLSM6DSL_SetACC  i2c_lsm6dsl.o
    0x00001ef4   0x00001ef4   0x00000020   Code   RO         1316    i.appLSM6DSL_SetAccData  i2c_lsm6dsl.o
    0x00001f14   0x00001f14   0x00000044   Code   RO         1317    i.appLSM6DSL_SetGyro  i2c_lsm6dsl.o
    0x00001f58   0x00001f58   0x00000020   Code   RO         1319    i.appLSM6DSL_SetGyroData  i2c_lsm6dsl.o
    0x00001f78   0x00001f78   0x00000032   Code   RO         1320    i.appLSM6DSL_Set_BDU  i2c_lsm6dsl.o
    0x00001faa   0x00001faa   0x0000002c   Code   RO         1321    i.appLSM6DSL_Set_FIFO_MODE  i2c_lsm6dsl.o
    0x00001fd6   0x00001fd6   0x0000002e   Code   RO         1322    i.appLSM6DSL_Set_FS_G  i2c_lsm6dsl.o
    0x00002004   0x00002004   0x0000002e   Code   RO         1323    i.appLSM6DSL_Set_FS_XL  i2c_lsm6dsl.o
    0x00002032   0x00002032   0x00000032   Code   RO         1324    i.appLSM6DSL_Set_IF_Addr_Incr  i2c_lsm6dsl.o
    0x00002064   0x00002064   0x00000032   Code   RO         1325    i.appLSM6DSL_Set_ODR_G  i2c_lsm6dsl.o
    0x00002096   0x00002096   0x00000032   Code   RO         1326    i.appLSM6DSL_Set_ODR_XL  i2c_lsm6dsl.o
    0x000020c8   0x000020c8   0x00000032   Code   RO         1327    i.appLSM6DSL_Set_SW_RESET  i2c_lsm6dsl.o
    0x000020fa   0x000020fa   0x0000000c   Code   RO         1328    i.appLSM6DSL_Setup  i2c_lsm6dsl.o
    0x00002106   0x00002106   0x00000010   Code   RO         1329    i.appLSM6DSL_Write  i2c_lsm6dsl.o
    0x00002116   0x00002116   0x0000000c   Code   RO          223    i.fputc             retarget.o
    0x00002122   0x00002122   0x0000001e   Code   RO         1114    i.main              main.o
    0x00002140   0x00002140   0x000000a8   Code   RO          225    i.stackDump         retarget.o
    0x000021e8   0x000021e8   0x00000020   Data   RO            5    .constdata          system_m031series.o
    0x00002208   0x00002208   0x00000048   Data   RO          319    .constdata          uart.o
    0x00002250   0x00002250   0x00000038   Data   RO          434    .constdata          clk.o
    0x00002288   0x00002288   0x00000020   Data   RO         1032    .constdata          timer.o
    0x000022a8   0x000022a8   0x00000020   Data   RO         1954    Region$$Table       anon$$obj.o


    Execution Region ER_RW (Exec base: 0x20000000, Load base: 0x000022c8, Size: 0x00000060, Max: 0xffffffff, ABSOLUTE)

    Exec Addr    Load Addr    Size         Type   Attr      Idx    E Section Name        Object

    0x20000000   0x000022c8   0x0000000c   Data   RW            6    .data               system_m031series.o
    0x2000000c   0x000022d4   0x00000004   Data   RW          226    .data               retarget.o
    0x20000010   0x000022d8   0x00000004   Data   RW         1115    .data               main.o
    0x20000014   0x000022dc   0x0000003c   Data   RW         1331    .data               i2c_lsm6dsl.o
    0x20000050   0x00002318   0x00000010   Data   RW         1496    .data               i2c_master.o


    Execution Region ER_ZI (Exec base: 0x20000060, Load base: 0x00002328, Size: 0x00000200, Max: 0xffffffff, ABSOLUTE)

    Exec Addr    Load Addr    Size         Type   Attr      Idx    E Section Name        Object

    0x20000060        -       0x00000200   Zero   RW          207    STACK               startup_m031series.o


==============================================================================

Image component sizes


      Code (inc. data)   RO Data    RW Data    ZI Data      Debug   Object Name

       424         76         56          0          0       6312   clk.o
        40          0          0          0          0       1019   gpio.o
       166         12          0          0          0       3909   i2c.o
      1478        138          0         60          0      13713   i2c_lsm6dsl.o
       468         50          0         16          0       3994   i2c_master.o
       662        226          0          4          0      84634   main.o
       280        132          0          4          0       4695   retarget.o
        92         42        192          0        512        724   startup_m031series.o
        26          0          0          0          0        514   sys.o
       204         38         32         12          0     117307   system_m031series.o
       176         16         32          0          0       2036   timer.o
       338         48         72          0          0       2709   uart.o

    ----------------------------------------------------------------------
      4360        778        416         96        512     241566   Object Totals
         0          0         32          0          0          0   (incl. Generated)
         6          0          0          0          0          0   (incl. Padding)

    ----------------------------------------------------------------------

      Code (inc. data)   RO Data    RW Data    ZI Data      Debug   Library Member Name

         0          0          0          0          0          0   entry.o
         0          0          0          0          0          0   entry10a.o
         0          0          0          0          0          0   entry11a.o
         8          4          0          0          0          0   entry2.o
         4          0          0          0          0          0   entry5.o
         0          0          0          0          0          0   entry7b.o
         0          0          0          0          0          0   entry8b.o
         8          4          0          0          0          0   entry9a.o
        30          0          0          0          0          0   handlers.o
        40          0          0          0          0         72   idiv.o
        36          8          0          0          0         68   init.o
         0          0          0          0          0          0   iusefp.o
        32          0          0          0          0         68   llshl.o
        38          0          0          0          0         68   llsshr.o
        34          0          0          0          0         68   llushr.o
        36          0          0          0          0         60   memcpya.o
      2252         98          0          0          0        412   printfa.o
        44          0          0          0          0         72   uidiv.o
        96          0          0          0          0         84   uldiv.o
        40          2          0          0          0         68   cdrcmple.o
       356          4          0          0          0        140   dadd.o
       240          6          0          0          0         84   ddiv.o
       236          0          0          0          0        216   depilogue.o
        64         10          0          0          0         68   dfixul.o
       208          6          0          0          0         88   dmul.o
       130          0          0          0          0        144   fepilogue.o
        50          0          0          0          0         60   ffixi.o
        22          0          0          0          0         68   fflti.o
       122          0          0          0          0         72   fmul.o

    ----------------------------------------------------------------------
      4128        142          0          0          0       1980   Library Totals
         2          0          0          0          0          0   (incl. Padding)

    ----------------------------------------------------------------------

      Code (inc. data)   RO Data    RW Data    ZI Data      Debug   Library Name

      2658        114          0          0          0        972   mc_p.l
      1468         28          0          0          0       1008   mf_p.l

    ----------------------------------------------------------------------
      4128        142          0          0          0       1980   Library Totals

    ----------------------------------------------------------------------

==============================================================================


      Code (inc. data)   RO Data    RW Data    ZI Data      Debug   

      8488        920        416         96        512     240030   Grand Totals
      8488        920        416         96        512     240030   ELF Image Totals
      8488        920        416         96          0          0   ROM Totals

==============================================================================

    Total RO  Size (Code + RO Data)                 8904 (   8.70kB)
    Total RW  Size (RW Data + ZI Data)               608 (   0.59kB)
    Total ROM Size (Code + RO Data + RW Data)       9000 (   8.79kB)

==============================================================================

